 
****************************************
Report : area
Design : CHIP
Version: U-2022.12
Date   : Wed Jun 10 01:28:57 2026
****************************************

Information: Updating design information... (UID-85)
Warning: Design 'CHIP' contains 1 high-fanout nets. A fanout number of 1000 will be used for delay calculations involving these nets. (TIM-134)
Library(s) Used:

    fsa0m_a_generic_core_tt1p8v25c (File: /home/raid7_2/userb11/b11070/ICDLAB_Final_Project-main/02_SYN/fsa0m_a_generic_core_tt1p8v25c.db)
    fsa0m_a_t33_generic_io_tt1p8v25c (File: /home/raid7_2/userb11/b11070/ICDLAB_Final_Project-main/02_SYN/fsa0m_a_t33_generic_io_tt1p8v25c.db)

Number of ports:                         6961
Number of nets:                         15687
Number of cells:                        10473
Number of combinational cells:           8890
Number of sequential cells:              1446
Number of macros/black boxes:              21
Number of buf/inv:                        776
Number of references:                       5

Combinational area:             147999.903293
Buf/Inv area:                     5905.871946
Noncombinational area:           85897.627995
Macro/Black Box area:           184260.603516
Net Interconnect area:      undefined  (Wire load has zero net area)

Total cell area:                418158.134803
Total area:                 undefined

Hierarchical area distribution
------------------------------

                                  Global cell area                Local cell area
                                  --------------------  ------------------------------------ 
Hierarchical cell                 Absolute     Percent  Combi-       Noncombi-   Black-
                                  Total        Total    national     national    boxes        Design
--------------------------------  -----------  -------  -----------  ----------  -----------  -------------------
CHIP                              418158.1348    100.0      18.7488      0.0000  184260.6035  CHIP
chip_in                           233878.7825     55.9     231.2352      0.0000       0.0000  TOP
chip_in/cs0                        35607.0963      8.5    3577.8960   4690.3248       0.0000  chien_search
chip_in/cs0/cc0                     7968.2401      1.9    3693.5136   4274.7264       0.0000  chien_checker
chip_in/cs0/cr0                      812.4480      0.2     812.4480      0.0000       0.0000  chien_rotate
chip_in/cs0/sv0                    18558.1874      4.4       9.3744      0.0000       0.0000  sigmaV
chip_in/cs0/sv0/se0                 4280.9760      1.0    4280.9760      0.0000       0.0000  sigmaE
chip_in/cs0/sv0/seb0               14267.8369      3.4   14267.8369      0.0000       0.0000  sigmaEB
chip_in/ctrl0                       4296.6000      1.0    2156.1120   2140.4880       0.0000  controller
chip_in/hsu_n0                     27254.5059      6.5    1706.1408   1306.1664       0.0000  NSU
chip_in/hsu_n0/inv_inst             2781.0720      0.7     687.4560      0.0000       0.0000  A_inv
chip_in/hsu_n0/inv_inst/u0_gf_mul   1046.8080      0.3       0.0000      0.0000       0.0000  gf_mul_25
chip_in/hsu_n0/inv_inst/u0_gf_mul/u_binary_mul
                                     846.8208      0.2     846.8208      0.0000       0.0000  binary_mul_25
chip_in/hsu_n0/inv_inst/u0_gf_mul/u_reduction_table
                                     199.9872      0.0     199.9872      0.0000       0.0000  reduction_table_25
chip_in/hsu_n0/inv_inst/u1_gf_mul   1046.8080      0.3       0.0000      0.0000       0.0000  gf_mul_24
chip_in/hsu_n0/inv_inst/u1_gf_mul/u_binary_mul
                                     846.8208      0.2     846.8208      0.0000       0.0000  binary_mul_24
chip_in/hsu_n0/inv_inst/u1_gf_mul/u_reduction_table
                                     199.9872      0.0     199.9872      0.0000       0.0000  reduction_table_24
chip_in/hsu_n0/nsu_inst            21270.5138      5.1    9230.6593   1484.2800       0.0000  NSU_core
chip_in/hsu_n0/nsu_inst/u_a11_k0    1562.4000      0.4    1562.4000      0.0000       0.0000  horner_a11_1
chip_in/hsu_n0/nsu_inst/u_a11_k1    1606.1472      0.4    1606.1472      0.0000       0.0000  horner_a11_0
chip_in/hsu_n0/nsu_inst/u_a5_k0     1562.4000      0.4    1562.4000      0.0000       0.0000  horner_a5_1
chip_in/hsu_n0/nsu_inst/u_a5_k1     1565.5248      0.4    1565.5248      0.0000       0.0000  horner_a5_0
chip_in/hsu_n0/nsu_inst/u_a7_k0     1137.4272      0.3    1137.4272      0.0000       0.0000  horner_a7_1
chip_in/hsu_n0/nsu_inst/u_a7_k1     1131.1776      0.3    1131.1776      0.0000       0.0000  horner_a7_0
chip_in/hsu_n0/nsu_inst/u_a9_k0      993.6864      0.2     993.6864      0.0000       0.0000  horner_a9_1
chip_in/hsu_n0/nsu_inst/u_a9_k1      996.8112      0.2     996.8112      0.0000       0.0000  horner_a9_0
chip_in/hsu_n0/square_inst           190.6128      0.0       9.3744      0.0000       0.0000  gf_mul_26
chip_in/hsu_n0/square_inst/u_binary_mul
                                      74.9952      0.0      74.9952      0.0000       0.0000  binary_mul_26
chip_in/hsu_n0/square_inst/u_reduction_table
                                     106.2432      0.0     106.2432      0.0000       0.0000  reduction_table_26
chip_in/mem0                       78426.2310     18.8   43456.5938  34969.6371       0.0000  memory
chip_in/nkes_n0                    84885.1925     20.3    1312.4160      0.0000       0.0000  NKES
chip_in/nkes_n0/u_core             46431.4036     11.1    1306.1664   1781.1360       0.0000  NKES_core
chip_in/nkes_n0/u_core/u_PU         4837.1904      1.2     612.4608      0.0000       0.0000  precompute_unit
chip_in/nkes_n0/u_core/u_PU/genblk1[0].u_gf_mul_b
                                    1046.8080      0.3       0.0000      0.0000       0.0000  gf_mul_22
chip_in/nkes_n0/u_core/u_PU/genblk1[0].u_gf_mul_b/u_binary_mul
                                     846.8208      0.2     846.8208      0.0000       0.0000  binary_mul_22
chip_in/nkes_n0/u_core/u_PU/genblk1[0].u_gf_mul_b/u_reduction_table
                                     199.9872      0.0     199.9872      0.0000       0.0000  reduction_table_22
chip_in/nkes_n0/u_core/u_PU/genblk1[0].u_gf_mul_sigma
                                    1084.3056      0.3       0.0000      0.0000       0.0000  gf_mul_23
chip_in/nkes_n0/u_core/u_PU/genblk1[0].u_gf_mul_sigma/u_binary_mul
                                     865.5696      0.2     865.5696      0.0000       0.0000  binary_mul_23
chip_in/nkes_n0/u_core/u_PU/genblk1[0].u_gf_mul_sigma/u_reduction_table
                                     218.7360      0.1     218.7360      0.0000       0.0000  reduction_table_23
chip_in/nkes_n0/u_core/u_PU/genblk1[1].u_gf_mul_b
                                    1046.8080      0.3       0.0000      0.0000       0.0000  gf_mul_20
chip_in/nkes_n0/u_core/u_PU/genblk1[1].u_gf_mul_b/u_binary_mul
                                     846.8208      0.2     846.8208      0.0000       0.0000  binary_mul_20
chip_in/nkes_n0/u_core/u_PU/genblk1[1].u_gf_mul_b/u_reduction_table
                                     199.9872      0.0     199.9872      0.0000       0.0000  reduction_table_20
chip_in/nkes_n0/u_core/u_PU/genblk1[1].u_gf_mul_sigma
                                    1046.8080      0.3       0.0000      0.0000       0.0000  gf_mul_21
chip_in/nkes_n0/u_core/u_PU/genblk1[1].u_gf_mul_sigma/u_binary_mul
                                     846.8208      0.2     846.8208      0.0000       0.0000  binary_mul_21
chip_in/nkes_n0/u_core/u_PU/genblk1[1].u_gf_mul_sigma/u_reduction_table
                                     199.9872      0.0     199.9872      0.0000       0.0000  reduction_table_21
chip_in/nkes_n0/u_core/u_pe_arr    38506.9107      9.2     562.4640   1424.9088       0.0000  NKES_PE_array
chip_in/nkes_n0/u_core/u_pe_arr/u_PE00
                                    6587.0785      1.6     974.9376   1424.9088       0.0000  NKES_PE0_unified_3
chip_in/nkes_n0/u_core/u_pe_arr/u_PE00/u_gfmul0
                                    1046.8080      0.3       0.0000      0.0000       0.0000  gf_mul_15
chip_in/nkes_n0/u_core/u_pe_arr/u_PE00/u_gfmul0/u_binary_mul
                                     846.8208      0.2     846.8208      0.0000       0.0000  binary_mul_15
chip_in/nkes_n0/u_core/u_pe_arr/u_PE00/u_gfmul0/u_reduction_table
                                     199.9872      0.0     199.9872      0.0000       0.0000  reduction_table_15
chip_in/nkes_n0/u_core/u_pe_arr/u_PE00/u_gfmul1
                                    1046.8080      0.3       0.0000      0.0000       0.0000  gf_mul_14
chip_in/nkes_n0/u_core/u_pe_arr/u_PE00/u_gfmul1/u_binary_mul
                                     846.8208      0.2     846.8208      0.0000       0.0000  binary_mul_14
chip_in/nkes_n0/u_core/u_pe_arr/u_PE00/u_gfmul1/u_reduction_table
                                     199.9872      0.0     199.9872      0.0000       0.0000  reduction_table_14
chip_in/nkes_n0/u_core/u_pe_arr/u_PE00/u_gfmul2
                                    1046.8080      0.3       0.0000      0.0000       0.0000  gf_mul_13
chip_in/nkes_n0/u_core/u_pe_arr/u_PE00/u_gfmul2/u_binary_mul
                                     846.8208      0.2     846.8208      0.0000       0.0000  binary_mul_13
chip_in/nkes_n0/u_core/u_pe_arr/u_PE00/u_gfmul2/u_reduction_table
                                     199.9872      0.0     199.9872      0.0000       0.0000  reduction_table_13
chip_in/nkes_n0/u_core/u_pe_arr/u_PE00/u_gfmul3
                                    1046.8080      0.3       0.0000      0.0000       0.0000  gf_mul_12
chip_in/nkes_n0/u_core/u_pe_arr/u_PE00/u_gfmul3/u_binary_mul
                                     846.8208      0.2     846.8208      0.0000       0.0000  binary_mul_12
chip_in/nkes_n0/u_core/u_pe_arr/u_PE00/u_gfmul3/u_reduction_table
                                     199.9872      0.0     199.9872      0.0000       0.0000  reduction_table_12
chip_in/nkes_n0/u_core/u_pe_arr/u_PE01
                                    6587.0785      1.6     974.9376   1424.9088       0.0000  NKES_PE0_unified_2
chip_in/nkes_n0/u_core/u_pe_arr/u_PE01/u_gfmul0
                                    1046.8080      0.3       0.0000      0.0000       0.0000  gf_mul_11
chip_in/nkes_n0/u_core/u_pe_arr/u_PE01/u_gfmul0/u_binary_mul
                                     846.8208      0.2     846.8208      0.0000       0.0000  binary_mul_11
chip_in/nkes_n0/u_core/u_pe_arr/u_PE01/u_gfmul0/u_reduction_table
                                     199.9872      0.0     199.9872      0.0000       0.0000  reduction_table_11
chip_in/nkes_n0/u_core/u_pe_arr/u_PE01/u_gfmul1
                                    1046.8080      0.3       0.0000      0.0000       0.0000  gf_mul_10
chip_in/nkes_n0/u_core/u_pe_arr/u_PE01/u_gfmul1/u_binary_mul
                                     846.8208      0.2     846.8208      0.0000       0.0000  binary_mul_10
chip_in/nkes_n0/u_core/u_pe_arr/u_PE01/u_gfmul1/u_reduction_table
                                     199.9872      0.0     199.9872      0.0000       0.0000  reduction_table_10
chip_in/nkes_n0/u_core/u_pe_arr/u_PE01/u_gfmul2
                                    1046.8080      0.3       0.0000      0.0000       0.0000  gf_mul_9
chip_in/nkes_n0/u_core/u_pe_arr/u_PE01/u_gfmul2/u_binary_mul
                                     846.8208      0.2     846.8208      0.0000       0.0000  binary_mul_9
chip_in/nkes_n0/u_core/u_pe_arr/u_PE01/u_gfmul2/u_reduction_table
                                     199.9872      0.0     199.9872      0.0000       0.0000  reduction_table_9
chip_in/nkes_n0/u_core/u_pe_arr/u_PE01/u_gfmul3
                                    1046.8080      0.3       0.0000      0.0000       0.0000  gf_mul_8
chip_in/nkes_n0/u_core/u_pe_arr/u_PE01/u_gfmul3/u_binary_mul
                                     846.8208      0.2     846.8208      0.0000       0.0000  binary_mul_8
chip_in/nkes_n0/u_core/u_pe_arr/u_PE01/u_gfmul3/u_reduction_table
                                     199.9872      0.0     199.9872      0.0000       0.0000  reduction_table_8
chip_in/nkes_n0/u_core/u_pe_arr/u_PE02
                                    6587.0785      1.6     974.9376   1424.9088       0.0000  NKES_PE0_unified_1
chip_in/nkes_n0/u_core/u_pe_arr/u_PE02/u_gfmul0
                                    1046.8080      0.3       0.0000      0.0000       0.0000  gf_mul_7
chip_in/nkes_n0/u_core/u_pe_arr/u_PE02/u_gfmul0/u_binary_mul
                                     846.8208      0.2     846.8208      0.0000       0.0000  binary_mul_7
chip_in/nkes_n0/u_core/u_pe_arr/u_PE02/u_gfmul0/u_reduction_table
                                     199.9872      0.0     199.9872      0.0000       0.0000  reduction_table_7
chip_in/nkes_n0/u_core/u_pe_arr/u_PE02/u_gfmul1
                                    1046.8080      0.3       0.0000      0.0000       0.0000  gf_mul_6
chip_in/nkes_n0/u_core/u_pe_arr/u_PE02/u_gfmul1/u_binary_mul
                                     846.8208      0.2     846.8208      0.0000       0.0000  binary_mul_6
chip_in/nkes_n0/u_core/u_pe_arr/u_PE02/u_gfmul1/u_reduction_table
                                     199.9872      0.0     199.9872      0.0000       0.0000  reduction_table_6
chip_in/nkes_n0/u_core/u_pe_arr/u_PE02/u_gfmul2
                                    1046.8080      0.3       0.0000      0.0000       0.0000  gf_mul_5
chip_in/nkes_n0/u_core/u_pe_arr/u_PE02/u_gfmul2/u_binary_mul
                                     846.8208      0.2     846.8208      0.0000       0.0000  binary_mul_5
chip_in/nkes_n0/u_core/u_pe_arr/u_PE02/u_gfmul2/u_reduction_table
                                     199.9872      0.0     199.9872      0.0000       0.0000  reduction_table_5
chip_in/nkes_n0/u_core/u_pe_arr/u_PE02/u_gfmul3
                                    1046.8080      0.3       0.0000      0.0000       0.0000  gf_mul_4
chip_in/nkes_n0/u_core/u_pe_arr/u_PE02/u_gfmul3/u_binary_mul
                                     846.8208      0.2     846.8208      0.0000       0.0000  binary_mul_4
chip_in/nkes_n0/u_core/u_pe_arr/u_PE02/u_gfmul3/u_reduction_table
                                     199.9872      0.0     199.9872      0.0000       0.0000  reduction_table_4
chip_in/nkes_n0/u_core/u_pe_arr/u_PE03
                                    6630.8256      1.6     974.9376   1468.6560       0.0000  NKES_PE0_unified_0
chip_in/nkes_n0/u_core/u_pe_arr/u_PE03/u_gfmul0
                                    1046.8080      0.3       0.0000      0.0000       0.0000  gf_mul_3
chip_in/nkes_n0/u_core/u_pe_arr/u_PE03/u_gfmul0/u_binary_mul
                                     846.8208      0.2     846.8208      0.0000       0.0000  binary_mul_3
chip_in/nkes_n0/u_core/u_pe_arr/u_PE03/u_gfmul0/u_reduction_table
                                     199.9872      0.0     199.9872      0.0000       0.0000  reduction_table_3
chip_in/nkes_n0/u_core/u_pe_arr/u_PE03/u_gfmul1
                                    1046.8080      0.3       0.0000      0.0000       0.0000  gf_mul_2
chip_in/nkes_n0/u_core/u_pe_arr/u_PE03/u_gfmul1/u_binary_mul
                                     846.8208      0.2     846.8208      0.0000       0.0000  binary_mul_2
chip_in/nkes_n0/u_core/u_pe_arr/u_PE03/u_gfmul1/u_reduction_table
                                     199.9872      0.0     199.9872      0.0000       0.0000  reduction_table_2
chip_in/nkes_n0/u_core/u_pe_arr/u_PE03/u_gfmul2
                                    1046.8080      0.3       0.0000      0.0000       0.0000  gf_mul_1
chip_in/nkes_n0/u_core/u_pe_arr/u_PE03/u_gfmul2/u_binary_mul
                                     846.8208      0.2     846.8208      0.0000       0.0000  binary_mul_1
chip_in/nkes_n0/u_core/u_pe_arr/u_PE03/u_gfmul2/u_reduction_table
                                     199.9872      0.0     199.9872      0.0000       0.0000  reduction_table_1
chip_in/nkes_n0/u_core/u_pe_arr/u_PE03/u_gfmul3
                                    1046.8080      0.3       0.0000      0.0000       0.0000  gf_mul_0
chip_in/nkes_n0/u_core/u_pe_arr/u_PE03/u_gfmul3/u_binary_mul
                                     846.8208      0.2     846.8208      0.0000       0.0000  binary_mul_0
chip_in/nkes_n0/u_core/u_pe_arr/u_PE03/u_gfmul3/u_reduction_table
                                     199.9872      0.0     199.9872      0.0000       0.0000  reduction_table_0
chip_in/nkes_n0/u_core/u_pe_arr/u_PE10
                                    5087.1745      1.2    1568.6496   1424.9088       0.0000  NKES_PE1_unified_1
chip_in/nkes_n0/u_core/u_pe_arr/u_PE10/u_gfmul0
                                    1046.8080      0.3       0.0000      0.0000       0.0000  gf_mul_19
chip_in/nkes_n0/u_core/u_pe_arr/u_PE10/u_gfmul0/u_binary_mul
                                     846.8208      0.2     846.8208      0.0000       0.0000  binary_mul_19
chip_in/nkes_n0/u_core/u_pe_arr/u_PE10/u_gfmul0/u_reduction_table
                                     199.9872      0.0     199.9872      0.0000       0.0000  reduction_table_19
chip_in/nkes_n0/u_core/u_pe_arr/u_PE10/u_gfmul1
                                    1046.8080      0.3       0.0000      0.0000       0.0000  gf_mul_18
chip_in/nkes_n0/u_core/u_pe_arr/u_PE10/u_gfmul1/u_binary_mul
                                     846.8208      0.2     846.8208      0.0000       0.0000  binary_mul_18
chip_in/nkes_n0/u_core/u_pe_arr/u_PE10/u_gfmul1/u_reduction_table
                                     199.9872      0.0     199.9872      0.0000       0.0000  reduction_table_18
chip_in/nkes_n0/u_core/u_pe_arr/u_PE11
                                    5040.3025      1.2    1521.7776   1424.9088       0.0000  NKES_PE1_unified_0
chip_in/nkes_n0/u_core/u_pe_arr/u_PE11/u_gfmul0
                                    1046.8080      0.3       0.0000      0.0000       0.0000  gf_mul_17
chip_in/nkes_n0/u_core/u_pe_arr/u_PE11/u_gfmul0/u_binary_mul
                                     846.8208      0.2     846.8208      0.0000       0.0000  binary_mul_17
chip_in/nkes_n0/u_core/u_pe_arr/u_PE11/u_gfmul0/u_reduction_table
                                     199.9872      0.0     199.9872      0.0000       0.0000  reduction_table_17
chip_in/nkes_n0/u_core/u_pe_arr/u_PE11/u_gfmul1
                                    1046.8080      0.3       0.0000      0.0000       0.0000  gf_mul_16
chip_in/nkes_n0/u_core/u_pe_arr/u_PE11/u_gfmul1/u_binary_mul
                                     846.8208      0.2     846.8208      0.0000       0.0000  binary_mul_16
chip_in/nkes_n0/u_core/u_pe_arr/u_PE11/u_gfmul1/u_reduction_table
                                     199.9872      0.0     199.9872      0.0000       0.0000  reduction_table_16
chip_in/nkes_n0/u_ctrl              4065.3648      1.0    1512.4032   2552.9616       0.0000  NKES_ctrl
chip_in/nkes_n0/u_state_buff       33076.0081      7.9   11880.4895  21195.5186       0.0000  state_buff
chip_in/syn0                        3177.9216      0.8     662.4576   1484.2800       0.0000  syndrome
chip_in/syn0/sp0                     281.2320      0.1     281.2320      0.0000       0.0000  syndrome_pow
chip_in/syn0/sr0                     749.9520      0.2     749.9520      0.0000       0.0000  syndrome_rotate_add
--------------------------------  -----------  -------  -----------  ----------  -----------  -------------------
Total                                                   147999.9033  85897.6280  184260.6035

1
