 
****************************************
Report : timing
        -path full
        -delay max
        -max_paths 1
Design : CHIP
Version: U-2022.12
Date   : Wed Jun 10 01:29:03 2026
****************************************

 # A fanout number of 1000 was used for high fanout net computations.

Operating Conditions: WCCOM   Library: fsa0m_a_generic_core_ss1p62v125c
Wire Load Model Mode: enclosed

  Startpoint: chip_in/nkes_n0/u_ctrl/state_reg[1]
              (rising edge-triggered flip-flop clocked by clk)
  Endpoint: chip_in/nkes_n0/u_core/u_pe_arr/u_PE11/delta_delay_reg[4]
            (rising edge-triggered flip-flop clocked by clk)
  Path Group: clk
  Path Type: max

  Des/Clust/Port     Wire Load Model       Library
  ------------------------------------------------
  CHIP               G200K                 fsa0m_a_generic_core_tt1p8v25c
  NKES_ctrl          enG5K                 fsa0m_a_generic_core_tt1p8v25c
  NKES               enG10K                fsa0m_a_generic_core_tt1p8v25c
  binary_mul_18      enG5K                 fsa0m_a_generic_core_tt1p8v25c
  gf_mul_18          enG5K                 fsa0m_a_generic_core_tt1p8v25c
  reduction_table_18 enG5K                 fsa0m_a_generic_core_tt1p8v25c
  NKES_PE1_unified_1 enG5K                 fsa0m_a_generic_core_tt1p8v25c
  NKES_PE_array      enG5K                 fsa0m_a_generic_core_tt1p8v25c
  NKES_PE1_unified_0 enG5K                 fsa0m_a_generic_core_tt1p8v25c

  Point                                                   Incr       Path
  --------------------------------------------------------------------------
  clock clk (rise edge)                                   0.00       0.00
  clock network delay (ideal)                             0.50       0.50
  chip_in/nkes_n0/u_ctrl/state_reg[1]/CK (QDFFRBN)        0.00 #     0.50 r
  chip_in/nkes_n0/u_ctrl/state_reg[1]/Q (QDFFRBN)         0.33       0.83 f
  chip_in/nkes_n0/u_ctrl/U7/O (INV1)                      0.16       0.98 r
  chip_in/nkes_n0/u_ctrl/U12/O (NR2P)                     0.13       1.12 f
  chip_in/nkes_n0/u_ctrl/U5/O (INV2)                      0.16       1.27 r
  chip_in/nkes_n0/u_ctrl/U22/O (NR2T)                     0.25       1.52 f
  chip_in/nkes_n0/u_ctrl/pe_cnt (NKES_ctrl)               0.00       1.52 f
  chip_in/nkes_n0/u_core/pe_cnt (NKES_core)               0.00       1.52 f
  chip_in/nkes_n0/u_core/U9/O (MOAI1S)                    0.85       2.37 r
  chip_in/nkes_n0/u_core/discrepancy[0] (NKES_core)       0.00       2.37 r
  chip_in/nkes_n0/u_ctrl/dis_in[0] (NKES_ctrl)            0.00       2.37 r
  chip_in/nkes_n0/u_ctrl/U15/O (BUF1)                     0.69       3.07 r
  chip_in/nkes_n0/u_ctrl/dis_out[0] (NKES_ctrl)           0.00       3.07 r
  chip_in/nkes_n0/U44/O (MUX2)                            0.56       3.63 r
  chip_in/nkes_n0/u_core/dis_time[0] (NKES_core)          0.00       3.63 r
  chip_in/nkes_n0/u_core/u_pe_arr/dis_time[0] (NKES_PE_array)
                                                          0.00       3.63 r
  chip_in/nkes_n0/u_core/u_pe_arr/u_PE10/discrepancy[0] (NKES_PE1_unified_1)
                                                          0.00       3.63 r
  chip_in/nkes_n0/u_core/u_pe_arr/u_PE10/u_gfmul1/in1[0] (gf_mul_18)
                                                          0.00       3.63 r
  chip_in/nkes_n0/u_core/u_pe_arr/u_PE10/u_gfmul1/u_binary_mul/in1[0] (binary_mul_18)
                                                          0.00       3.63 r
  chip_in/nkes_n0/u_core/u_pe_arr/u_PE10/u_gfmul1/u_binary_mul/U48/O (INV1S)
                                                          0.17       3.80 f
  chip_in/nkes_n0/u_core/u_pe_arr/u_PE10/u_gfmul1/u_binary_mul/U49/O (NR2)
                                                          0.27       4.06 r
  chip_in/nkes_n0/u_core/u_pe_arr/u_PE10/u_gfmul1/u_binary_mul/U51/O (AOI13HS)
                                                          0.14       4.20 f
  chip_in/nkes_n0/u_core/u_pe_arr/u_PE10/u_gfmul1/u_binary_mul/U52/O (MOAI1S)
                                                          0.30       4.50 f
  chip_in/nkes_n0/u_core/u_pe_arr/u_PE10/u_gfmul1/u_binary_mul/U53/O (MOAI1S)
                                                          0.29       4.78 f
  chip_in/nkes_n0/u_core/u_pe_arr/u_PE10/u_gfmul1/u_binary_mul/U54/O (MOAI1S)
                                                          0.30       5.08 f
  chip_in/nkes_n0/u_core/u_pe_arr/u_PE10/u_gfmul1/u_binary_mul/raw_prod[4] (binary_mul_18)
                                                          0.00       5.08 f
  chip_in/nkes_n0/u_core/u_pe_arr/u_PE10/u_gfmul1/u_reduction_table/in1[4] (reduction_table_18)
                                                          0.00       5.08 f
  chip_in/nkes_n0/u_core/u_pe_arr/u_PE10/u_gfmul1/u_reduction_table/U9/O (MOAI1S)
                                                          0.32       5.40 f
  chip_in/nkes_n0/u_core/u_pe_arr/u_PE10/u_gfmul1/u_reduction_table/U1/O (MOAI1S)
                                                          0.32       5.73 f
  chip_in/nkes_n0/u_core/u_pe_arr/u_PE10/u_gfmul1/u_reduction_table/prod[4] (reduction_table_18)
                                                          0.00       5.73 f
  chip_in/nkes_n0/u_core/u_pe_arr/u_PE10/u_gfmul1/prod[4] (gf_mul_18)
                                                          0.00       5.73 f
  chip_in/nkes_n0/u_core/u_pe_arr/u_PE10/U15/O (MOAI1S)
                                                          0.28       6.01 f
  chip_in/nkes_n0/u_core/u_pe_arr/u_PE10/U60/O (MOAI1S)
                                                          0.39       6.40 r
  chip_in/nkes_n0/u_core/u_pe_arr/u_PE10/delta_poly_pre_out[4] (NKES_PE1_unified_1)
                                                          0.00       6.40 r
  chip_in/nkes_n0/u_core/u_pe_arr/U31/O (AN2)             0.22       6.62 r
  chip_in/nkes_n0/u_core/u_pe_arr/u_PE11/nested_delta_poly_in[4] (NKES_PE1_unified_0)
                                                          0.00       6.62 r
  chip_in/nkes_n0/u_core/u_pe_arr/u_PE11/U81/O (MOAI1S)
                                                          0.25       6.87 r
  chip_in/nkes_n0/u_core/u_pe_arr/u_PE11/U82/O (MOAI1S)
                                                          0.21       7.08 r
  chip_in/nkes_n0/u_core/u_pe_arr/u_PE11/U83/O (MUX2)     0.22       7.30 r
  chip_in/nkes_n0/u_core/u_pe_arr/u_PE11/delta_delay_reg[4]/D (QDFFRBN)
                                                          0.00       7.30 r
  data arrival time                                                  7.30

  clock clk (rise edge)                                   7.00       7.00
  clock network delay (ideal)                             0.50       7.50
  clock uncertainty                                      -0.10       7.40
  chip_in/nkes_n0/u_core/u_pe_arr/u_PE11/delta_delay_reg[4]/CK (QDFFRBN)
                                                          0.00       7.40 r
  library setup time                                     -0.10       7.30
  data required time                                                 7.30
  --------------------------------------------------------------------------
  data required time                                                 7.30
  data arrival time                                                 -7.30
  --------------------------------------------------------------------------
  slack (MET)                                                        0.00


1
