 
****************************************
Report : area
Design : CHIP
Version: Y-2026.03
Date   : Tue May 26 23:47:48 2026
****************************************

Information: Updating design information... (UID-85)
Warning: Design 'CHIP' contains 1 high-fanout nets. A fanout number of 1000 will be used for delay calculations involving these nets. (TIM-134)
Library(s) Used:

    fsa0m_a_generic_core_tt1p8v25c (File: /home/jackie/iclab/gii_bch/02_SYN/fsa0m_a_generic_core_tt1p8v25c.db)

Number of ports:                         8998
Number of nets:                         20715
Number of cells:                        13669
Number of combinational cells:          12038
Number of sequential cells:              1410
Number of macros/black boxes:               0
Number of buf/inv:                       1334
Number of references:                      14

Combinational area:             187259.891300
Buf/Inv area:                    10505.577481
Noncombinational area:           83725.891983
Macro/Black Box area:                0.000000
Net Interconnect area:      undefined  (Wire load has zero net area)

Total cell area:                270985.783283
Total area:                 undefined

Hierarchical area distribution
------------------------------

                                  Global cell area              Local cell area
                                  --------------------  ------------------------------- 
Hierarchical cell                 Absolute     Percent  Combi-       Noncombi-   Black-
                                  Total        Total    national     national    boxes   Design
--------------------------------  -----------  -------  -----------  ----------  ------  -------------------
CHIP                              270985.7833    100.0     871.8192      0.0000  0.0000  CHIP
bm0                                14327.2081      5.3      24.9984      0.0000  0.0000  BM
bm0/bm_ctrl                         1018.6848      0.4     424.9728    593.7120  0.0000  BM_control
bm0/u_PE00                          2087.3664      0.8     324.9792    712.4544  0.0000  BM_PE0_2
bm0/u_PE00/u_gfmul0                 1049.9328      0.4       0.0000      0.0000  0.0000  gf_mul_59
bm0/u_PE00/u_gfmul0/u_binary_mul     849.9456      0.3     849.9456      0.0000  0.0000  binary_mul_59
bm0/u_PE00/u_gfmul0/u_reduction_table
                                     199.9872      0.1     199.9872      0.0000  0.0000  reduction_table_59
bm0/u_PE01                          2356.0992      0.9     443.7216    712.4544  0.0000  BM_PE0_1
bm0/u_PE01/u_gfmul0                 1049.9328      0.4       0.0000      0.0000  0.0000  gf_mul_57
bm0/u_PE01/u_gfmul0/u_binary_mul     849.9456      0.3     849.9456      0.0000  0.0000  binary_mul_57
bm0/u_PE01/u_gfmul0/u_reduction_table
                                     199.9872      0.1     199.9872      0.0000  0.0000  reduction_table_57
bm0/u_PE01/u_gfmul1                  149.9904      0.1       0.0000      0.0000  0.0000  gf_mul_56
bm0/u_PE01/u_gfmul1/u_binary_mul      74.9952      0.0      74.9952      0.0000  0.0000  binary_mul_56
bm0/u_PE01/u_gfmul1/u_reduction_table
                                      74.9952      0.0      74.9952      0.0000  0.0000  reduction_table_56
bm0/u_PE02                          3284.1648      1.2     471.8448    712.4544  0.0000  BM_PE0_0
bm0/u_PE02/u_gfmul0                 1049.9328      0.4       0.0000      0.0000  0.0000  gf_mul_55
bm0/u_PE02/u_gfmul0/u_binary_mul     849.9456      0.3     849.9456      0.0000  0.0000  binary_mul_55
bm0/u_PE02/u_gfmul0/u_reduction_table
                                     199.9872      0.1     199.9872      0.0000  0.0000  reduction_table_55
bm0/u_PE02/u_gfmul1                 1049.9328      0.4       0.0000      0.0000  0.0000  gf_mul_54
bm0/u_PE02/u_gfmul1/u_binary_mul     849.9456      0.3     849.9456      0.0000  0.0000  binary_mul_54
bm0/u_PE02/u_gfmul1/u_reduction_table
                                     199.9872      0.1     199.9872      0.0000  0.0000  reduction_table_54
bm0/u_PE10                          3399.7824      1.3     587.4624    712.4544  0.0000  BM_PE1_1
bm0/u_PE10/u_gfmul0                 1049.9328      0.4       0.0000      0.0000  0.0000  gf_mul_53
bm0/u_PE10/u_gfmul0/u_binary_mul     849.9456      0.3     849.9456      0.0000  0.0000  binary_mul_53
bm0/u_PE10/u_gfmul0/u_reduction_table
                                     199.9872      0.1     199.9872      0.0000  0.0000  reduction_table_53
bm0/u_PE10/u_gfmul1                 1049.9328      0.4       0.0000      0.0000  0.0000  gf_mul_52
bm0/u_PE10/u_gfmul1/u_binary_mul     849.9456      0.3     849.9456      0.0000  0.0000  binary_mul_52
bm0/u_PE10/u_gfmul1/u_reduction_table
                                     199.9872      0.1     199.9872      0.0000  0.0000  reduction_table_52
bm0/u_PE12                          2156.1120      0.8     393.7248    712.4544  0.0000  BM_PE1_0
bm0/u_PE12/u_gfmul1                 1049.9328      0.4       0.0000      0.0000  0.0000  gf_mul_50
bm0/u_PE12/u_gfmul1/u_binary_mul     849.9456      0.3     849.9456      0.0000  0.0000  binary_mul_50
bm0/u_PE12/u_gfmul1/u_reduction_table
                                     199.9872      0.1     199.9872      0.0000  0.0000  reduction_table_50
cs0                                34988.3859     12.9    3862.2528   4690.3248  0.0000  chien_search
cs0/cc0                             8011.9873      3.0    3737.2608   4274.7264  0.0000  chien_checker
cs0/cr0                              812.4480      0.3     812.4480      0.0000  0.0000  chien_rotate
cs0/sv0                            17611.3730      6.5       0.0000      0.0000  0.0000  sigmaV
cs0/sv0/se0                         3871.6272      1.4    3871.6272      0.0000  0.0000  sigmaE
cs0/sv0/seb0                       13739.7458      5.1   13739.7458      0.0000  0.0000  sigmaEB
ctrl0                               3256.0416      1.2    1581.1488   1674.8928  0.0000  controller
hsu0                               38300.6740     14.1    3743.5104   4690.3248  0.0000  HSU_top
hsu0/inv_inst                       4977.8064      1.8     778.0752      0.0000  0.0000  A_inv
hsu0/inv_inst/u0_gf_mul             1049.9328      0.4       0.0000      0.0000  0.0000  gf_mul_3
hsu0/inv_inst/u0_gf_mul/u_binary_mul
                                     849.9456      0.3     849.9456      0.0000  0.0000  binary_mul_3
hsu0/inv_inst/u0_gf_mul/u_reduction_table
                                     199.9872      0.1     199.9872      0.0000  0.0000  reduction_table_3
hsu0/inv_inst/u1_gf_mul             1049.9328      0.4       0.0000      0.0000  0.0000  gf_mul_2
hsu0/inv_inst/u1_gf_mul/u_binary_mul
                                     849.9456      0.3     849.9456      0.0000  0.0000  binary_mul_2
hsu0/inv_inst/u1_gf_mul/u_reduction_table
                                     199.9872      0.1     199.9872      0.0000  0.0000  reduction_table_2
hsu0/inv_inst/u2_gf_mul             1049.9328      0.4       0.0000      0.0000  0.0000  gf_mul_1
hsu0/inv_inst/u2_gf_mul/u_binary_mul
                                     849.9456      0.3     849.9456      0.0000  0.0000  binary_mul_1
hsu0/inv_inst/u2_gf_mul/u_reduction_table
                                     199.9872      0.1     199.9872      0.0000  0.0000  reduction_table_1
hsu0/inv_inst/u3_gf_mul             1049.9328      0.4       0.0000      0.0000  0.0000  gf_mul_0
hsu0/inv_inst/u3_gf_mul/u_binary_mul
                                     849.9456      0.3     849.9456      0.0000  0.0000  binary_mul_0
hsu0/inv_inst/u3_gf_mul/u_reduction_table
                                     199.9872      0.1     199.9872      0.0000  0.0000  reduction_table_0
hsu0/nsu_inst                      24164.0787      8.9    9215.0353    296.8560  0.0000  nsu_top
hsu0/nsu_inst/u_a11_k0              2012.3712      0.7    1537.4016    474.9696  0.0000  horner_a11_1
hsu0/nsu_inst/u_a11_k1              2012.3712      0.7    1537.4016    474.9696  0.0000  horner_a11_0
hsu0/nsu_inst/u_a5_k0               2043.6192      0.8    1509.2784    534.3408  0.0000  horner_a5_1
hsu0/nsu_inst/u_a5_k1               1968.6240      0.7    1493.6544    474.9696  0.0000  horner_a5_0
hsu0/nsu_inst/u_a7_k0               1653.0192      0.6    1178.0496    474.9696  0.0000  horner_a7_1
hsu0/nsu_inst/u_a7_k1               1653.0192      0.6    1178.0496    474.9696  0.0000  horner_a7_0
hsu0/nsu_inst/u_a9_k0               1693.6416      0.6    1159.3008    534.3408  0.0000  horner_a9_1
hsu0/nsu_inst/u_a9_k1               1615.5216      0.6    1140.5520    474.9696  0.0000  horner_a9_0
hsu0/square_inst0                    181.2384      0.1       0.0000      0.0000  0.0000  gf_mul_63
hsu0/square_inst0/u_binary_mul        74.9952      0.0      74.9952      0.0000  0.0000  binary_mul_63
hsu0/square_inst0/u_reduction_table
                                     106.2432      0.0     106.2432      0.0000  0.0000  reduction_table_63
hsu0/square_inst1                    181.2384      0.1       0.0000      0.0000  0.0000  gf_mul_62
hsu0/square_inst1/u_binary_mul        74.9952      0.0      74.9952      0.0000  0.0000  binary_mul_62
hsu0/square_inst1/u_reduction_table
                                     106.2432      0.0     106.2432      0.0000  0.0000  reduction_table_62
hsu0/square_inst2                    181.2384      0.1       0.0000      0.0000  0.0000  gf_mul_61
hsu0/square_inst2/u_binary_mul        74.9952      0.0      74.9952      0.0000  0.0000  binary_mul_61
hsu0/square_inst2/u_reduction_table
                                     106.2432      0.0     106.2432      0.0000  0.0000  reduction_table_61
hsu0/square_inst3                    181.2384      0.1       0.0000      0.0000  0.0000  gf_mul_60
hsu0/square_inst3/u_binary_mul        74.9952      0.0      74.9952      0.0000  0.0000  binary_mul_60
hsu0/square_inst3/u_reduction_table
                                     106.2432      0.0     106.2432      0.0000  0.0000  reduction_table_60
mem0                               82585.3400     30.5   50287.4069  32297.9331  0.0000  memory
nkes0                              94328.3384     34.8    4012.2432    771.8256  0.0000  NKES
nkes0/u_PE00                        5324.6592      2.0     724.9536   1424.9088  0.0000  NKES_PE0_7
nkes0/u_PE00/u_gfmul0               1049.9328      0.4       0.0000      0.0000  0.0000  gf_mul_35
nkes0/u_PE00/u_gfmul0/u_binary_mul
                                     849.9456      0.3     849.9456      0.0000  0.0000  binary_mul_35
nkes0/u_PE00/u_gfmul0/u_reduction_table
                                     199.9872      0.1     199.9872      0.0000  0.0000  reduction_table_35
nkes0/u_PE00/u_gfmul2               1062.4320      0.4      12.4992      0.0000  0.0000  gf_mul_33
nkes0/u_PE00/u_gfmul2/u_binary_mul
                                     849.9456      0.3     849.9456      0.0000  0.0000  binary_mul_33
nkes0/u_PE00/u_gfmul2/u_reduction_table
                                     199.9872      0.1     199.9872      0.0000  0.0000  reduction_table_33
nkes0/u_PE00/u_gfmul3               1062.4320      0.4      12.4992      0.0000  0.0000  gf_mul_32
nkes0/u_PE00/u_gfmul3/u_binary_mul
                                     849.9456      0.3     849.9456      0.0000  0.0000  binary_mul_32
nkes0/u_PE00/u_gfmul3/u_reduction_table
                                     199.9872      0.1     199.9872      0.0000  0.0000  reduction_table_32
nkes0/u_PE01                        5299.6608      2.0     724.9536   1424.9088  0.0000  NKES_PE0_3
nkes0/u_PE01/u_gfmul0               1049.9328      0.4       0.0000      0.0000  0.0000  gf_mul_19
nkes0/u_PE01/u_gfmul0/u_binary_mul
                                     849.9456      0.3     849.9456      0.0000  0.0000  binary_mul_19
nkes0/u_PE01/u_gfmul0/u_reduction_table
                                     199.9872      0.1     199.9872      0.0000  0.0000  reduction_table_19
nkes0/u_PE01/u_gfmul2               1049.9328      0.4       0.0000      0.0000  0.0000  gf_mul_17
nkes0/u_PE01/u_gfmul2/u_binary_mul
                                     849.9456      0.3     849.9456      0.0000  0.0000  binary_mul_17
nkes0/u_PE01/u_gfmul2/u_reduction_table
                                     199.9872      0.1     199.9872      0.0000  0.0000  reduction_table_17
nkes0/u_PE01/u_gfmul3               1049.9328      0.4       0.0000      0.0000  0.0000  gf_mul_16
nkes0/u_PE01/u_gfmul3/u_binary_mul
                                     849.9456      0.3     849.9456      0.0000  0.0000  binary_mul_16
nkes0/u_PE01/u_gfmul3/u_reduction_table
                                     199.9872      0.1     199.9872      0.0000  0.0000  reduction_table_16
nkes0/u_PE02                        6640.2001      2.5     990.5616   1424.9088  0.0000  NKES_PE0_6
nkes0/u_PE02/u_gfmul0               1049.9328      0.4       0.0000      0.0000  0.0000  gf_mul_31
nkes0/u_PE02/u_gfmul0/u_binary_mul
                                     849.9456      0.3     849.9456      0.0000  0.0000  binary_mul_31
nkes0/u_PE02/u_gfmul0/u_reduction_table
                                     199.9872      0.1     199.9872      0.0000  0.0000  reduction_table_31
nkes0/u_PE02/u_gfmul1               1049.9328      0.4       0.0000      0.0000  0.0000  gf_mul_30
nkes0/u_PE02/u_gfmul1/u_binary_mul
                                     849.9456      0.3     849.9456      0.0000  0.0000  binary_mul_30
nkes0/u_PE02/u_gfmul1/u_reduction_table
                                     199.9872      0.1     199.9872      0.0000  0.0000  reduction_table_30
nkes0/u_PE02/u_gfmul2               1062.4320      0.4      12.4992      0.0000  0.0000  gf_mul_29
nkes0/u_PE02/u_gfmul2/u_binary_mul
                                     849.9456      0.3     849.9456      0.0000  0.0000  binary_mul_29
nkes0/u_PE02/u_gfmul2/u_reduction_table
                                     199.9872      0.1     199.9872      0.0000  0.0000  reduction_table_29
nkes0/u_PE02/u_gfmul3               1062.4320      0.4      12.4992      0.0000  0.0000  gf_mul_28
nkes0/u_PE02/u_gfmul3/u_binary_mul
                                     849.9456      0.3     849.9456      0.0000  0.0000  binary_mul_28
nkes0/u_PE02/u_gfmul3/u_reduction_table
                                     199.9872      0.1     199.9872      0.0000  0.0000  reduction_table_28
nkes0/u_PE03                        6621.4513      2.4     984.3120   1424.9088  0.0000  NKES_PE0_2
nkes0/u_PE03/u_gfmul0               1049.9328      0.4       0.0000      0.0000  0.0000  gf_mul_15
nkes0/u_PE03/u_gfmul0/u_binary_mul
                                     849.9456      0.3     849.9456      0.0000  0.0000  binary_mul_15
nkes0/u_PE03/u_gfmul0/u_reduction_table
                                     199.9872      0.1     199.9872      0.0000  0.0000  reduction_table_15
nkes0/u_PE03/u_gfmul1               1049.9328      0.4       0.0000      0.0000  0.0000  gf_mul_14
nkes0/u_PE03/u_gfmul1/u_binary_mul
                                     849.9456      0.3     849.9456      0.0000  0.0000  binary_mul_14
nkes0/u_PE03/u_gfmul1/u_reduction_table
                                     199.9872      0.1     199.9872      0.0000  0.0000  reduction_table_14
nkes0/u_PE03/u_gfmul2               1049.9328      0.4       0.0000      0.0000  0.0000  gf_mul_13
nkes0/u_PE03/u_gfmul2/u_binary_mul
                                     849.9456      0.3     849.9456      0.0000  0.0000  binary_mul_13
nkes0/u_PE03/u_gfmul2/u_reduction_table
                                     199.9872      0.1     199.9872      0.0000  0.0000  reduction_table_13
nkes0/u_PE03/u_gfmul3               1062.4320      0.4      12.4992      0.0000  0.0000  gf_mul_12
nkes0/u_PE03/u_gfmul3/u_binary_mul
                                     849.9456      0.3     849.9456      0.0000  0.0000  binary_mul_12
nkes0/u_PE03/u_gfmul3/u_reduction_table
                                     199.9872      0.1     199.9872      0.0000  0.0000  reduction_table_12
nkes0/u_PE04                        6652.6993      2.5     990.5616   1424.9088  0.0000  NKES_PE0_5
nkes0/u_PE04/u_gfmul0               1062.4320      0.4      12.4992      0.0000  0.0000  gf_mul_27
nkes0/u_PE04/u_gfmul0/u_binary_mul
                                     849.9456      0.3     849.9456      0.0000  0.0000  binary_mul_27
nkes0/u_PE04/u_gfmul0/u_reduction_table
                                     199.9872      0.1     199.9872      0.0000  0.0000  reduction_table_27
nkes0/u_PE04/u_gfmul1               1049.9328      0.4       0.0000      0.0000  0.0000  gf_mul_26
nkes0/u_PE04/u_gfmul1/u_binary_mul
                                     849.9456      0.3     849.9456      0.0000  0.0000  binary_mul_26
nkes0/u_PE04/u_gfmul1/u_reduction_table
                                     199.9872      0.1     199.9872      0.0000  0.0000  reduction_table_26
nkes0/u_PE04/u_gfmul2               1062.4320      0.4      12.4992      0.0000  0.0000  gf_mul_25
nkes0/u_PE04/u_gfmul2/u_binary_mul
                                     849.9456      0.3     849.9456      0.0000  0.0000  binary_mul_25
nkes0/u_PE04/u_gfmul2/u_reduction_table
                                     199.9872      0.1     199.9872      0.0000  0.0000  reduction_table_25
nkes0/u_PE04/u_gfmul3               1062.4320      0.4      12.4992      0.0000  0.0000  gf_mul_24
nkes0/u_PE04/u_gfmul3/u_binary_mul
                                     849.9456      0.3     849.9456      0.0000  0.0000  binary_mul_24
nkes0/u_PE04/u_gfmul3/u_reduction_table
                                     199.9872      0.1     199.9872      0.0000  0.0000  reduction_table_24
nkes0/u_PE05                        6608.9521      2.4     984.3120   1424.9088  0.0000  NKES_PE0_1
nkes0/u_PE05/u_gfmul0               1049.9328      0.4       0.0000      0.0000  0.0000  gf_mul_11
nkes0/u_PE05/u_gfmul0/u_binary_mul
                                     849.9456      0.3     849.9456      0.0000  0.0000  binary_mul_11
nkes0/u_PE05/u_gfmul0/u_reduction_table
                                     199.9872      0.1     199.9872      0.0000  0.0000  reduction_table_11
nkes0/u_PE05/u_gfmul1               1049.9328      0.4       0.0000      0.0000  0.0000  gf_mul_10
nkes0/u_PE05/u_gfmul1/u_binary_mul
                                     849.9456      0.3     849.9456      0.0000  0.0000  binary_mul_10
nkes0/u_PE05/u_gfmul1/u_reduction_table
                                     199.9872      0.1     199.9872      0.0000  0.0000  reduction_table_10
nkes0/u_PE05/u_gfmul2               1049.9328      0.4       0.0000      0.0000  0.0000  gf_mul_9
nkes0/u_PE05/u_gfmul2/u_binary_mul
                                     849.9456      0.3     849.9456      0.0000  0.0000  binary_mul_9
nkes0/u_PE05/u_gfmul2/u_reduction_table
                                     199.9872      0.1     199.9872      0.0000  0.0000  reduction_table_9
nkes0/u_PE05/u_gfmul3               1049.9328      0.4       0.0000      0.0000  0.0000  gf_mul_8
nkes0/u_PE05/u_gfmul3/u_binary_mul
                                     849.9456      0.3     849.9456      0.0000  0.0000  binary_mul_8
nkes0/u_PE05/u_gfmul3/u_reduction_table
                                     199.9872      0.1     199.9872      0.0000  0.0000  reduction_table_8
nkes0/u_PE06                        4340.3472      1.6     415.5984    712.4544  0.0000  NKES_PE0_4
nkes0/u_PE06/u_gfmul0               1099.9296      0.4      49.9968      0.0000  0.0000  gf_mul_23
nkes0/u_PE06/u_gfmul0/u_binary_mul
                                     849.9456      0.3     849.9456      0.0000  0.0000  binary_mul_23
nkes0/u_PE06/u_gfmul0/u_reduction_table
                                     199.9872      0.1     199.9872      0.0000  0.0000  reduction_table_23
nkes0/u_PE06/u_gfmul1               1062.4320      0.4      12.4992      0.0000  0.0000  gf_mul_22
nkes0/u_PE06/u_gfmul1/u_binary_mul
                                     849.9456      0.3     849.9456      0.0000  0.0000  binary_mul_22
nkes0/u_PE06/u_gfmul1/u_reduction_table
                                     199.9872      0.1     199.9872      0.0000  0.0000  reduction_table_22
nkes0/u_PE06/u_gfmul2               1049.9328      0.4       0.0000      0.0000  0.0000  gf_mul_21
nkes0/u_PE06/u_gfmul2/u_binary_mul
                                     849.9456      0.3     849.9456      0.0000  0.0000  binary_mul_21
nkes0/u_PE06/u_gfmul2/u_reduction_table
                                     199.9872      0.1     199.9872      0.0000  0.0000  reduction_table_21
nkes0/u_PE07                        4321.5984      1.6     409.3488    712.4544  0.0000  NKES_PE0_0
nkes0/u_PE07/u_gfmul0               1099.9296      0.4      49.9968      0.0000  0.0000  gf_mul_7
nkes0/u_PE07/u_gfmul0/u_binary_mul
                                     849.9456      0.3     849.9456      0.0000  0.0000  binary_mul_7
nkes0/u_PE07/u_gfmul0/u_reduction_table
                                     199.9872      0.1     199.9872      0.0000  0.0000  reduction_table_7
nkes0/u_PE07/u_gfmul1               1049.9328      0.4       0.0000      0.0000  0.0000  gf_mul_6
nkes0/u_PE07/u_gfmul1/u_binary_mul
                                     849.9456      0.3     849.9456      0.0000  0.0000  binary_mul_6
nkes0/u_PE07/u_gfmul1/u_reduction_table
                                     199.9872      0.1     199.9872      0.0000  0.0000  reduction_table_6
nkes0/u_PE07/u_gfmul2               1049.9328      0.4       0.0000      0.0000  0.0000  gf_mul_5
nkes0/u_PE07/u_gfmul2/u_binary_mul
                                     849.9456      0.3     849.9456      0.0000  0.0000  binary_mul_5
nkes0/u_PE07/u_gfmul2/u_reduction_table
                                     199.9872      0.1     199.9872      0.0000  0.0000  reduction_table_5
nkes0/u_PE10                        4596.5808      1.7    1071.8064   1424.9088  0.0000  NKES_PE1_3
nkes0/u_PE10/u_gfmul0               1049.9328      0.4       0.0000      0.0000  0.0000  gf_mul_43
nkes0/u_PE10/u_gfmul0/u_binary_mul
                                     849.9456      0.3     849.9456      0.0000  0.0000  binary_mul_43
nkes0/u_PE10/u_gfmul0/u_reduction_table
                                     199.9872      0.1     199.9872      0.0000  0.0000  reduction_table_43
nkes0/u_PE10/u_gfmul1               1049.9328      0.4       0.0000      0.0000  0.0000  gf_mul_42
nkes0/u_PE10/u_gfmul1/u_binary_mul
                                     849.9456      0.3     849.9456      0.0000  0.0000  binary_mul_42
nkes0/u_PE10/u_gfmul1/u_reduction_table
                                     199.9872      0.1     199.9872      0.0000  0.0000  reduction_table_42
nkes0/u_PE11                        4821.5664      1.8    1296.7920   1424.9088  0.0000  NKES_PE1_2
nkes0/u_PE11/u_gfmul0               1049.9328      0.4       0.0000      0.0000  0.0000  gf_mul_41
nkes0/u_PE11/u_gfmul0/u_binary_mul
                                     849.9456      0.3     849.9456      0.0000  0.0000  binary_mul_41
nkes0/u_PE11/u_gfmul0/u_reduction_table
                                     199.9872      0.1     199.9872      0.0000  0.0000  reduction_table_41
nkes0/u_PE11/u_gfmul1               1049.9328      0.4       0.0000      0.0000  0.0000  gf_mul_40
nkes0/u_PE11/u_gfmul1/u_binary_mul
                                     849.9456      0.3     849.9456      0.0000  0.0000  binary_mul_40
nkes0/u_PE11/u_gfmul1/u_reduction_table
                                     199.9872      0.1     199.9872      0.0000  0.0000  reduction_table_40
nkes0/u_PE12                        4821.5664      1.8    1296.7920   1424.9088  0.0000  NKES_PE1_1
nkes0/u_PE12/u_gfmul0               1049.9328      0.4       0.0000      0.0000  0.0000  gf_mul_39
nkes0/u_PE12/u_gfmul0/u_binary_mul
                                     849.9456      0.3     849.9456      0.0000  0.0000  binary_mul_39
nkes0/u_PE12/u_gfmul0/u_reduction_table
                                     199.9872      0.1     199.9872      0.0000  0.0000  reduction_table_39
nkes0/u_PE12/u_gfmul1               1049.9328      0.4       0.0000      0.0000  0.0000  gf_mul_38
nkes0/u_PE12/u_gfmul1/u_binary_mul
                                     849.9456      0.3     849.9456      0.0000  0.0000  binary_mul_38
nkes0/u_PE12/u_gfmul1/u_reduction_table
                                     199.9872      0.1     199.9872      0.0000  0.0000  reduction_table_38
nkes0/u_PE13                        4599.7056      1.7    1074.9312   1424.9088  0.0000  NKES_PE1_0
nkes0/u_PE13/u_gfmul0               1049.9328      0.4       0.0000      0.0000  0.0000  gf_mul_37
nkes0/u_PE13/u_gfmul0/u_binary_mul
                                     849.9456      0.3     849.9456      0.0000  0.0000  binary_mul_37
nkes0/u_PE13/u_gfmul0/u_reduction_table
                                     199.9872      0.1     199.9872      0.0000  0.0000  reduction_table_37
nkes0/u_PE13/u_gfmul1               1049.9328      0.4       0.0000      0.0000  0.0000  gf_mul_36
nkes0/u_PE13/u_gfmul1/u_binary_mul
                                     849.9456      0.3     849.9456      0.0000  0.0000  binary_mul_36
nkes0/u_PE13/u_gfmul1/u_reduction_table
                                     199.9872      0.1     199.9872      0.0000  0.0000  reduction_table_36
nkes0/u_PU                          7199.5393      2.7     899.9424      0.0000  0.0000  precompute_unit
nkes0/u_PU/genblk1[0].u_gf_mul_b    1049.9328      0.4       0.0000      0.0000  0.0000  gf_mul_48
nkes0/u_PU/genblk1[0].u_gf_mul_b/u_binary_mul
                                     849.9456      0.3     849.9456      0.0000  0.0000  binary_mul_48
nkes0/u_PU/genblk1[0].u_gf_mul_b/u_reduction_table
                                     199.9872      0.1     199.9872      0.0000  0.0000  reduction_table_48
nkes0/u_PU/genblk1[0].u_gf_mul_sigma
                                    1049.9328      0.4       0.0000      0.0000  0.0000  gf_mul_49
nkes0/u_PU/genblk1[0].u_gf_mul_sigma/u_binary_mul
                                     849.9456      0.3     849.9456      0.0000  0.0000  binary_mul_49
nkes0/u_PU/genblk1[0].u_gf_mul_sigma/u_reduction_table
                                     199.9872      0.1     199.9872      0.0000  0.0000  reduction_table_49
nkes0/u_PU/genblk1[1].u_gf_mul_b    1049.9328      0.4       0.0000      0.0000  0.0000  gf_mul_46
nkes0/u_PU/genblk1[1].u_gf_mul_b/u_binary_mul
                                     849.9456      0.3     849.9456      0.0000  0.0000  binary_mul_46
nkes0/u_PU/genblk1[1].u_gf_mul_b/u_reduction_table
                                     199.9872      0.1     199.9872      0.0000  0.0000  reduction_table_46
nkes0/u_PU/genblk1[1].u_gf_mul_sigma
                                    1049.9328      0.4       0.0000      0.0000  0.0000  gf_mul_47
nkes0/u_PU/genblk1[1].u_gf_mul_sigma/u_binary_mul
                                     849.9456      0.3     849.9456      0.0000  0.0000  binary_mul_47
nkes0/u_PU/genblk1[1].u_gf_mul_sigma/u_reduction_table
                                     199.9872      0.1     199.9872      0.0000  0.0000  reduction_table_47
nkes0/u_PU/genblk1[2].u_gf_mul_b    1049.9328      0.4       0.0000      0.0000  0.0000  gf_mul_44
nkes0/u_PU/genblk1[2].u_gf_mul_b/u_binary_mul
                                     849.9456      0.3     849.9456      0.0000  0.0000  binary_mul_44
nkes0/u_PU/genblk1[2].u_gf_mul_b/u_reduction_table
                                     199.9872      0.1     199.9872      0.0000  0.0000  reduction_table_44
nkes0/u_PU/genblk1[2].u_gf_mul_sigma
                                    1049.9328      0.4       0.0000      0.0000  0.0000  gf_mul_45
nkes0/u_PU/genblk1[2].u_gf_mul_sigma/u_binary_mul
                                     849.9456      0.3     849.9456      0.0000  0.0000  binary_mul_45
nkes0/u_PU/genblk1[2].u_gf_mul_sigma/u_reduction_table
                                     199.9872      0.1     199.9872      0.0000  0.0000  reduction_table_45
nkes0/u_ctrl                        3334.1616      1.2    1909.2528   1424.9088  0.0000  NKES_ctrl
nkes0/u_state_buff                 13224.1537      4.9    4587.2064   8074.4833  0.0000  state_buff
nkes0/u_state_buff/u_ctrl            562.4640      0.2     265.6080    296.8560  0.0000  state_buff_ctrl
nkes0/u_syn_buff                    1137.4272      0.4     424.9728    712.4544  0.0000  syndrome_buff
syn0                                2327.9760      0.9     487.4688    771.8256  0.0000  syndrome
syn0/sp0                             318.7296      0.1     318.7296      0.0000  0.0000  syndrome_pow
syn0/sr0                             749.9520      0.3     749.9520      0.0000  0.0000  syndrome_rotate_add
--------------------------------  -----------  -------  -----------  ----------  ------  -------------------
Total                                                   187259.8913  83725.8920  0.0000

1
