 
****************************************
Report : power
        -analysis_effort low
Design : CHIP
Version: Y-2026.03
Date   : Tue May 26 23:47:48 2026
****************************************


Library(s) Used:

    fsa0m_a_generic_core_tt1p8v25c (File: /home/jackie/iclab/gii_bch/02_SYN/fsa0m_a_generic_core_tt1p8v25c.db)


Operating Conditions: WCCOM   Library: fsa0m_a_generic_core_ss1p62v125c
Wire Load Model Mode: enclosed

Design        Wire Load Model            Library
------------------------------------------------
CHIP                   G200K             fsa0m_a_generic_core_tt1p8v25c
controller             enG5K             fsa0m_a_generic_core_tt1p8v25c
memory                 enG10K            fsa0m_a_generic_core_tt1p8v25c
syndrome               enG5K             fsa0m_a_generic_core_tt1p8v25c
BM                     enG5K             fsa0m_a_generic_core_tt1p8v25c
NKES                   enG30K            fsa0m_a_generic_core_tt1p8v25c
chien_search           enG5K             fsa0m_a_generic_core_tt1p8v25c
HSU_top                enG5K             fsa0m_a_generic_core_tt1p8v25c
syndrome_rotate_add    enG5K             fsa0m_a_generic_core_tt1p8v25c
syndrome_pow           enG5K             fsa0m_a_generic_core_tt1p8v25c
BM_control             enG5K             fsa0m_a_generic_core_tt1p8v25c
BM_PE0_2               enG5K             fsa0m_a_generic_core_tt1p8v25c
BM_PE0_1               enG5K             fsa0m_a_generic_core_tt1p8v25c
BM_PE0_0               enG5K             fsa0m_a_generic_core_tt1p8v25c
BM_PE1_1               enG5K             fsa0m_a_generic_core_tt1p8v25c
BM_PE1_0               enG5K             fsa0m_a_generic_core_tt1p8v25c
precompute_unit        enG5K             fsa0m_a_generic_core_tt1p8v25c
NKES_ctrl              enG5K             fsa0m_a_generic_core_tt1p8v25c
state_buff             enG5K             fsa0m_a_generic_core_tt1p8v25c
syndrome_buff          enG5K             fsa0m_a_generic_core_tt1p8v25c
NKES_PE1_3             enG5K             fsa0m_a_generic_core_tt1p8v25c
NKES_PE1_2             enG5K             fsa0m_a_generic_core_tt1p8v25c
NKES_PE1_0             enG5K             fsa0m_a_generic_core_tt1p8v25c
NKES_PE0_7             enG5K             fsa0m_a_generic_core_tt1p8v25c
NKES_PE0_6             enG5K             fsa0m_a_generic_core_tt1p8v25c
NKES_PE0_4             enG5K             fsa0m_a_generic_core_tt1p8v25c
NKES_PE0_3             enG5K             fsa0m_a_generic_core_tt1p8v25c
NKES_PE0_2             enG5K             fsa0m_a_generic_core_tt1p8v25c
NKES_PE0_0             enG5K             fsa0m_a_generic_core_tt1p8v25c
sigmaV                 enG5K             fsa0m_a_generic_core_tt1p8v25c
chien_rotate           enG5K             fsa0m_a_generic_core_tt1p8v25c
chien_checker          enG5K             fsa0m_a_generic_core_tt1p8v25c
gf_mul_63              enG5K             fsa0m_a_generic_core_tt1p8v25c
nsu_top                enG5K             fsa0m_a_generic_core_tt1p8v25c
A_inv                  enG5K             fsa0m_a_generic_core_tt1p8v25c
gf_mul_56              enG5K             fsa0m_a_generic_core_tt1p8v25c
state_buff_ctrl        enG5K             fsa0m_a_generic_core_tt1p8v25c
sigmaE                 enG5K             fsa0m_a_generic_core_tt1p8v25c
sigmaEB                enG5K             fsa0m_a_generic_core_tt1p8v25c
binary_mul_63          enG5K             fsa0m_a_generic_core_tt1p8v25c
reduction_table_63     enG5K             fsa0m_a_generic_core_tt1p8v25c
horner_a5_1            enG5K             fsa0m_a_generic_core_tt1p8v25c
horner_a5_0            enG5K             fsa0m_a_generic_core_tt1p8v25c
horner_a7_1            enG5K             fsa0m_a_generic_core_tt1p8v25c
horner_a9_1            enG5K             fsa0m_a_generic_core_tt1p8v25c
horner_a9_0            enG5K             fsa0m_a_generic_core_tt1p8v25c
horner_a11_1           enG5K             fsa0m_a_generic_core_tt1p8v25c
binary_mul_56          enG5K             fsa0m_a_generic_core_tt1p8v25c
reduction_table_56     enG5K             fsa0m_a_generic_core_tt1p8v25c
NKES_PE0_1             enG5K             fsa0m_a_generic_core_tt1p8v25c
horner_a7_0            enG5K             fsa0m_a_generic_core_tt1p8v25c
NKES_PE0_5             enG5K             fsa0m_a_generic_core_tt1p8v25c
NKES_PE1_1             enG5K             fsa0m_a_generic_core_tt1p8v25c
horner_a11_0           enG5K             fsa0m_a_generic_core_tt1p8v25c
gf_mul_0               enG5K             fsa0m_a_generic_core_tt1p8v25c
gf_mul_1               enG5K             fsa0m_a_generic_core_tt1p8v25c
gf_mul_2               enG5K             fsa0m_a_generic_core_tt1p8v25c
gf_mul_3               enG5K             fsa0m_a_generic_core_tt1p8v25c
gf_mul_5               enG5K             fsa0m_a_generic_core_tt1p8v25c
gf_mul_6               enG5K             fsa0m_a_generic_core_tt1p8v25c
gf_mul_7               enG5K             fsa0m_a_generic_core_tt1p8v25c
gf_mul_8               enG5K             fsa0m_a_generic_core_tt1p8v25c
gf_mul_9               enG5K             fsa0m_a_generic_core_tt1p8v25c
gf_mul_10              enG5K             fsa0m_a_generic_core_tt1p8v25c
gf_mul_11              enG5K             fsa0m_a_generic_core_tt1p8v25c
gf_mul_12              enG5K             fsa0m_a_generic_core_tt1p8v25c
gf_mul_13              enG5K             fsa0m_a_generic_core_tt1p8v25c
gf_mul_14              enG5K             fsa0m_a_generic_core_tt1p8v25c
gf_mul_15              enG5K             fsa0m_a_generic_core_tt1p8v25c
gf_mul_16              enG5K             fsa0m_a_generic_core_tt1p8v25c
gf_mul_17              enG5K             fsa0m_a_generic_core_tt1p8v25c
gf_mul_19              enG5K             fsa0m_a_generic_core_tt1p8v25c
gf_mul_21              enG5K             fsa0m_a_generic_core_tt1p8v25c
gf_mul_22              enG5K             fsa0m_a_generic_core_tt1p8v25c
gf_mul_23              enG5K             fsa0m_a_generic_core_tt1p8v25c
gf_mul_24              enG5K             fsa0m_a_generic_core_tt1p8v25c
gf_mul_25              enG5K             fsa0m_a_generic_core_tt1p8v25c
gf_mul_26              enG5K             fsa0m_a_generic_core_tt1p8v25c
gf_mul_27              enG5K             fsa0m_a_generic_core_tt1p8v25c
gf_mul_28              enG5K             fsa0m_a_generic_core_tt1p8v25c
gf_mul_29              enG5K             fsa0m_a_generic_core_tt1p8v25c
gf_mul_30              enG5K             fsa0m_a_generic_core_tt1p8v25c
gf_mul_31              enG5K             fsa0m_a_generic_core_tt1p8v25c
gf_mul_32              enG5K             fsa0m_a_generic_core_tt1p8v25c
gf_mul_33              enG5K             fsa0m_a_generic_core_tt1p8v25c
gf_mul_35              enG5K             fsa0m_a_generic_core_tt1p8v25c
gf_mul_36              enG5K             fsa0m_a_generic_core_tt1p8v25c
gf_mul_37              enG5K             fsa0m_a_generic_core_tt1p8v25c
gf_mul_38              enG5K             fsa0m_a_generic_core_tt1p8v25c
gf_mul_39              enG5K             fsa0m_a_generic_core_tt1p8v25c
gf_mul_40              enG5K             fsa0m_a_generic_core_tt1p8v25c
gf_mul_41              enG5K             fsa0m_a_generic_core_tt1p8v25c
gf_mul_42              enG5K             fsa0m_a_generic_core_tt1p8v25c
gf_mul_43              enG5K             fsa0m_a_generic_core_tt1p8v25c
gf_mul_44              enG5K             fsa0m_a_generic_core_tt1p8v25c
gf_mul_45              enG5K             fsa0m_a_generic_core_tt1p8v25c
gf_mul_46              enG5K             fsa0m_a_generic_core_tt1p8v25c
gf_mul_47              enG5K             fsa0m_a_generic_core_tt1p8v25c
gf_mul_48              enG5K             fsa0m_a_generic_core_tt1p8v25c
gf_mul_49              enG5K             fsa0m_a_generic_core_tt1p8v25c
gf_mul_50              enG5K             fsa0m_a_generic_core_tt1p8v25c
gf_mul_52              enG5K             fsa0m_a_generic_core_tt1p8v25c
gf_mul_53              enG5K             fsa0m_a_generic_core_tt1p8v25c
gf_mul_54              enG5K             fsa0m_a_generic_core_tt1p8v25c
gf_mul_55              enG5K             fsa0m_a_generic_core_tt1p8v25c
gf_mul_57              enG5K             fsa0m_a_generic_core_tt1p8v25c
gf_mul_59              enG5K             fsa0m_a_generic_core_tt1p8v25c
gf_mul_60              enG5K             fsa0m_a_generic_core_tt1p8v25c
gf_mul_61              enG5K             fsa0m_a_generic_core_tt1p8v25c
gf_mul_62              enG5K             fsa0m_a_generic_core_tt1p8v25c
binary_mul_0           enG5K             fsa0m_a_generic_core_tt1p8v25c
binary_mul_1           enG5K             fsa0m_a_generic_core_tt1p8v25c
binary_mul_2           enG5K             fsa0m_a_generic_core_tt1p8v25c
binary_mul_3           enG5K             fsa0m_a_generic_core_tt1p8v25c
binary_mul_5           enG5K             fsa0m_a_generic_core_tt1p8v25c
binary_mul_6           enG5K             fsa0m_a_generic_core_tt1p8v25c
binary_mul_7           enG5K             fsa0m_a_generic_core_tt1p8v25c
binary_mul_8           enG5K             fsa0m_a_generic_core_tt1p8v25c
binary_mul_9           enG5K             fsa0m_a_generic_core_tt1p8v25c
binary_mul_10          enG5K             fsa0m_a_generic_core_tt1p8v25c
binary_mul_11          enG5K             fsa0m_a_generic_core_tt1p8v25c
binary_mul_12          enG5K             fsa0m_a_generic_core_tt1p8v25c
binary_mul_13          enG5K             fsa0m_a_generic_core_tt1p8v25c
binary_mul_14          enG5K             fsa0m_a_generic_core_tt1p8v25c
binary_mul_15          enG5K             fsa0m_a_generic_core_tt1p8v25c
binary_mul_16          enG5K             fsa0m_a_generic_core_tt1p8v25c
binary_mul_17          enG5K             fsa0m_a_generic_core_tt1p8v25c
binary_mul_19          enG5K             fsa0m_a_generic_core_tt1p8v25c
binary_mul_21          enG5K             fsa0m_a_generic_core_tt1p8v25c
binary_mul_22          enG5K             fsa0m_a_generic_core_tt1p8v25c
binary_mul_23          enG5K             fsa0m_a_generic_core_tt1p8v25c
binary_mul_24          enG5K             fsa0m_a_generic_core_tt1p8v25c
binary_mul_25          enG5K             fsa0m_a_generic_core_tt1p8v25c
binary_mul_26          enG5K             fsa0m_a_generic_core_tt1p8v25c
binary_mul_27          enG5K             fsa0m_a_generic_core_tt1p8v25c
binary_mul_28          enG5K             fsa0m_a_generic_core_tt1p8v25c
binary_mul_29          enG5K             fsa0m_a_generic_core_tt1p8v25c
binary_mul_30          enG5K             fsa0m_a_generic_core_tt1p8v25c
binary_mul_31          enG5K             fsa0m_a_generic_core_tt1p8v25c
binary_mul_32          enG5K             fsa0m_a_generic_core_tt1p8v25c
binary_mul_33          enG5K             fsa0m_a_generic_core_tt1p8v25c
binary_mul_35          enG5K             fsa0m_a_generic_core_tt1p8v25c
binary_mul_36          enG5K             fsa0m_a_generic_core_tt1p8v25c
binary_mul_37          enG5K             fsa0m_a_generic_core_tt1p8v25c
binary_mul_38          enG5K             fsa0m_a_generic_core_tt1p8v25c
binary_mul_39          enG5K             fsa0m_a_generic_core_tt1p8v25c
binary_mul_40          enG5K             fsa0m_a_generic_core_tt1p8v25c
binary_mul_41          enG5K             fsa0m_a_generic_core_tt1p8v25c
binary_mul_42          enG5K             fsa0m_a_generic_core_tt1p8v25c
binary_mul_43          enG5K             fsa0m_a_generic_core_tt1p8v25c
binary_mul_44          enG5K             fsa0m_a_generic_core_tt1p8v25c
binary_mul_45          enG5K             fsa0m_a_generic_core_tt1p8v25c
binary_mul_46          enG5K             fsa0m_a_generic_core_tt1p8v25c
binary_mul_47          enG5K             fsa0m_a_generic_core_tt1p8v25c
binary_mul_48          enG5K             fsa0m_a_generic_core_tt1p8v25c
binary_mul_49          enG5K             fsa0m_a_generic_core_tt1p8v25c
binary_mul_50          enG5K             fsa0m_a_generic_core_tt1p8v25c
binary_mul_52          enG5K             fsa0m_a_generic_core_tt1p8v25c
binary_mul_53          enG5K             fsa0m_a_generic_core_tt1p8v25c
binary_mul_54          enG5K             fsa0m_a_generic_core_tt1p8v25c
binary_mul_55          enG5K             fsa0m_a_generic_core_tt1p8v25c
binary_mul_57          enG5K             fsa0m_a_generic_core_tt1p8v25c
binary_mul_59          enG5K             fsa0m_a_generic_core_tt1p8v25c
binary_mul_60          enG5K             fsa0m_a_generic_core_tt1p8v25c
binary_mul_61          enG5K             fsa0m_a_generic_core_tt1p8v25c
binary_mul_62          enG5K             fsa0m_a_generic_core_tt1p8v25c
reduction_table_0      enG5K             fsa0m_a_generic_core_tt1p8v25c
reduction_table_1      enG5K             fsa0m_a_generic_core_tt1p8v25c
reduction_table_2      enG5K             fsa0m_a_generic_core_tt1p8v25c
reduction_table_3      enG5K             fsa0m_a_generic_core_tt1p8v25c
reduction_table_5      enG5K             fsa0m_a_generic_core_tt1p8v25c
reduction_table_6      enG5K             fsa0m_a_generic_core_tt1p8v25c
reduction_table_7      enG5K             fsa0m_a_generic_core_tt1p8v25c
reduction_table_8      enG5K             fsa0m_a_generic_core_tt1p8v25c
reduction_table_9      enG5K             fsa0m_a_generic_core_tt1p8v25c
reduction_table_10     enG5K             fsa0m_a_generic_core_tt1p8v25c
reduction_table_11     enG5K             fsa0m_a_generic_core_tt1p8v25c
reduction_table_12     enG5K             fsa0m_a_generic_core_tt1p8v25c
reduction_table_13     enG5K             fsa0m_a_generic_core_tt1p8v25c
reduction_table_14     enG5K             fsa0m_a_generic_core_tt1p8v25c
reduction_table_15     enG5K             fsa0m_a_generic_core_tt1p8v25c
reduction_table_16     enG5K             fsa0m_a_generic_core_tt1p8v25c
reduction_table_17     enG5K             fsa0m_a_generic_core_tt1p8v25c
reduction_table_19     enG5K             fsa0m_a_generic_core_tt1p8v25c
reduction_table_21     enG5K             fsa0m_a_generic_core_tt1p8v25c
reduction_table_22     enG5K             fsa0m_a_generic_core_tt1p8v25c
reduction_table_23     enG5K             fsa0m_a_generic_core_tt1p8v25c
reduction_table_24     enG5K             fsa0m_a_generic_core_tt1p8v25c
reduction_table_25     enG5K             fsa0m_a_generic_core_tt1p8v25c
reduction_table_26     enG5K             fsa0m_a_generic_core_tt1p8v25c
reduction_table_27     enG5K             fsa0m_a_generic_core_tt1p8v25c
reduction_table_28     enG5K             fsa0m_a_generic_core_tt1p8v25c
reduction_table_29     enG5K             fsa0m_a_generic_core_tt1p8v25c
reduction_table_30     enG5K             fsa0m_a_generic_core_tt1p8v25c
reduction_table_31     enG5K             fsa0m_a_generic_core_tt1p8v25c
reduction_table_32     enG5K             fsa0m_a_generic_core_tt1p8v25c
reduction_table_33     enG5K             fsa0m_a_generic_core_tt1p8v25c
reduction_table_35     enG5K             fsa0m_a_generic_core_tt1p8v25c
reduction_table_36     enG5K             fsa0m_a_generic_core_tt1p8v25c
reduction_table_37     enG5K             fsa0m_a_generic_core_tt1p8v25c
reduction_table_38     enG5K             fsa0m_a_generic_core_tt1p8v25c
reduction_table_39     enG5K             fsa0m_a_generic_core_tt1p8v25c
reduction_table_40     enG5K             fsa0m_a_generic_core_tt1p8v25c
reduction_table_41     enG5K             fsa0m_a_generic_core_tt1p8v25c
reduction_table_42     enG5K             fsa0m_a_generic_core_tt1p8v25c
reduction_table_43     enG5K             fsa0m_a_generic_core_tt1p8v25c
reduction_table_44     enG5K             fsa0m_a_generic_core_tt1p8v25c
reduction_table_45     enG5K             fsa0m_a_generic_core_tt1p8v25c
reduction_table_46     enG5K             fsa0m_a_generic_core_tt1p8v25c
reduction_table_47     enG5K             fsa0m_a_generic_core_tt1p8v25c
reduction_table_48     enG5K             fsa0m_a_generic_core_tt1p8v25c
reduction_table_49     enG5K             fsa0m_a_generic_core_tt1p8v25c
reduction_table_50     enG5K             fsa0m_a_generic_core_tt1p8v25c
reduction_table_52     enG5K             fsa0m_a_generic_core_tt1p8v25c
reduction_table_53     enG5K             fsa0m_a_generic_core_tt1p8v25c
reduction_table_54     enG5K             fsa0m_a_generic_core_tt1p8v25c
reduction_table_55     enG5K             fsa0m_a_generic_core_tt1p8v25c
reduction_table_57     enG5K             fsa0m_a_generic_core_tt1p8v25c
reduction_table_59     enG5K             fsa0m_a_generic_core_tt1p8v25c
reduction_table_60     enG5K             fsa0m_a_generic_core_tt1p8v25c
reduction_table_61     enG5K             fsa0m_a_generic_core_tt1p8v25c
reduction_table_62     enG5K             fsa0m_a_generic_core_tt1p8v25c


Global Operating Voltage = 1.62 
Power-specific unit information :
    Voltage Units = 1V
    Capacitance Units = 1.000000pf
    Time Units = 1ns
    Dynamic Power Units = 1mW    (derived from V,C,T units)
    Leakage Power Units = 1pW


Attributes
----------
i - Including register clock pin internal power


  Cell Internal Power  =   6.9855 mW   (87%)
  Net Switching Power  =   1.0297 mW   (13%)
                         ---------
Total Dynamic Power    =   8.0152 mW  (100%)

Cell Leakage Power     = 944.8901 nW


                 Internal         Switching           Leakage            Total
Power Group      Power            Power               Power              Power   (   %    )  Attrs
--------------------------------------------------------------------------------------------------
io_pad             0.0000            0.0000            0.0000            0.0000  (   0.00%)
memory             0.0000            0.0000            0.0000            0.0000  (   0.00%)
black_box          0.0000            0.0000            0.0000            0.0000  (   0.00%)
clock_network      6.6616            0.0000            0.0000            6.6616  (  83.10%)  i
register           0.1063        5.1901e-02        2.9716e+05            0.1585  (   1.98%)
sequential         0.0000            0.0000            0.0000            0.0000  (   0.00%)
combinational      0.2176            0.9778        6.4773e+05            1.1961  (  14.92%)
--------------------------------------------------------------------------------------------------
Total              6.9855 mW         1.0297 mW     9.4489e+05 pW         8.0162 mW
1
