 
****************************************
Report : timing
        -path full
        -delay max
        -max_paths 1
Design : CHIP
Version: Y-2026.03
Date   : Tue May 26 23:47:48 2026
****************************************

 # A fanout number of 1000 was used for high fanout net computations.

Operating Conditions: WCCOM   Library: fsa0m_a_generic_core_ss1p62v125c
Wire Load Model Mode: enclosed

  Startpoint: ctrl0/ocnt_reg[4]
              (rising edge-triggered flip-flop clocked by clk)
  Endpoint: odata[6] (output port clocked by clk)
  Path Group: clk
  Path Type: max

  Des/Clust/Port     Wire Load Model       Library
  ------------------------------------------------
  CHIP               G200K                 fsa0m_a_generic_core_tt1p8v25c
  memory             enG10K                fsa0m_a_generic_core_tt1p8v25c

  Point                                    Incr       Path
  -----------------------------------------------------------
  clock clk (rise edge)                    0.00       0.00
  clock network delay (ideal)              0.50       0.50
  ctrl0/ocnt_reg[4]/CK (QDFFRBP)           0.00 #     0.50 r
  ctrl0/ocnt_reg[4]/Q (QDFFRBP)            0.42       0.92 f
  ctrl0/oaddr[4] (controller)              0.00       0.92 f
  mem0/oaddr[4] (memory)                   0.00       0.92 f
  mem0/U49/O (INV3)                        0.12       1.05 r
  mem0/U61/O (ND2T)                        0.12       1.16 f
  mem0/U67/O (NR2P)                        0.15       1.31 r
  mem0/U93/O (BUF3)                        0.35       1.66 r
  mem0/U224/O (AOI22S)                     0.13       1.79 f
  mem0/U228/O (AN4B1S)                     0.25       2.04 f
  mem0/U229/O (AN3S)                       0.24       2.28 f
  mem0/U232/O (ND3)                        0.11       2.39 r
  mem0/U245/O (AOI22S)                     0.14       2.53 f
  mem0/U16/O (ND2P)                        0.21       2.74 r
  mem0/odata[6] (memory)                   0.00       2.74 r
  U15/O (BUF12CK)                          2.65       5.39 r
  odata[6] (out)                           0.00       5.39 r
  data arrival time                                   5.39

  clock clk (rise edge)                   10.00      10.00
  clock network delay (ideal)              0.50      10.50
  clock uncertainty                       -0.10      10.40
  output external delay                   -5.00       5.40
  data required time                                  5.40
  -----------------------------------------------------------
  data required time                                  5.40
  data arrival time                                  -5.39
  -----------------------------------------------------------
  slack (MET)                                         0.01


1
